
> geo-polygonize@0.32.0 build:site-lib
> ./scripts/build_wasm_site.sh

Checking for wasm32-unknown-unknown...
info: component 'rust-std' for target 'wasm32-unknown-unknown' is up to date
Building scalar version for docs site...
   Compiling geo-polygonize-core v0.32.0 (/app/crates/geo-polygonize-core)
   Compiling geo-polygonize-wasm v0.32.0 (/app/crates/geo-polygonize-wasm)
    Finished `release` profile [optimized] target(s) in 58.18s
Running wasm-bindgen for scalar...
Building simd version for docs site...
   Compiling arrow-select v57.3.0
   Compiling zstd-sys v2.0.16+zstd.1.5.7
   Compiling regex-syntax v0.8.10
   Compiling flatbuffers v25.12.19
   Compiling getrandom v0.2.17
   Compiling alloc-no-stdlib v2.0.4
   Compiling thiserror v2.0.18
   Compiling alloc-stdlib v0.2.2
   Compiling rand_core v0.6.4
   Compiling num_enum v0.7.6
   Compiling csv-core v0.1.13
   Compiling ppv-lite86 v0.2.21
   Compiling i_float v1.15.0
   Compiling allocator-api2 v0.2.21
   Compiling regex-automata v0.4.14
   Compiling arrow-ord v57.3.0
   Compiling arrow-cast v57.3.0
   Compiling zstd-safe v7.2.4
   Compiling regex v1.12.3
   Compiling adler2 v2.0.1
   Compiling simdutf8 v0.1.5
   Compiling simd-adler32 v0.3.8
   Compiling foldhash v0.1.5
   Compiling hashbrown v0.15.5
   Compiling miniz_oxide v0.8.9
   Compiling snap v1.1.1
   Compiling arrow-ipc v57.3.0
   Compiling i_shape v1.14.0
   Compiling rand_chacha v0.3.1
   Compiling csv v1.4.0
   Compiling wkb v0.9.2
   Compiling brotli-decompressor v5.0.0
   Compiling wkt v0.14.0
   Compiling geoarrow-schema v0.7.0
   Compiling indexmap v2.13.0
   Compiling itertools v0.11.0
   Compiling ordered-float v2.10.1
   Compiling bytemuck v1.25.0
   Compiling robust v1.2.0
   Compiling integer-encoding v3.0.4
   Compiling zlib-rs v0.6.3
   Compiling i_key_sort v0.6.0
   Compiling i_tree v0.16.0
   Compiling twox-hash v2.1.2
   Compiling lz4_flex v0.12.1
   Compiling flate2 v1.1.9
   Compiling i_overlay v4.0.7
   Compiling spade v2.15.0
   Compiling thrift v0.17.0
   Compiling safe_arch v0.7.4
   Compiling earcutr v0.4.3
   Compiling arrow-json v57.3.0
   Compiling geoarrow-array v0.7.0
   Compiling brotli v8.0.2
   Compiling arrow-csv v57.3.0
   Compiling rand v0.8.5
   Compiling zstd v0.13.3
   Compiling arrow-string v57.3.0
   Compiling arrow-arith v57.3.0
   Compiling arrow-row v57.3.0
   Compiling geographiclib-rs v0.2.7
   Compiling humantime v2.3.0
   Compiling float_next_after v1.0.0
   Compiling sif-itree v0.4.1
   Compiling geo v0.32.0
   Compiling parquet v57.3.0
   Compiling humantime-serde v1.1.1
   Compiling arrow v57.3.0
   Compiling geoarrow v0.7.0
   Compiling wide v0.7.33
   Compiling ts-rs v12.0.1
   Compiling static_aabb2d_index v2.0.0
   Compiling geojson v0.24.2
   Compiling serde-wasm-bindgen v0.6.5
   Compiling console_error_panic_hook v0.1.7
   Compiling geo-polygonize-core v0.32.0 (/app/crates/geo-polygonize-core)
   Compiling geo-polygonize-wasm v0.32.0 (/app/crates/geo-polygonize-wasm)
    Finished `release` profile [optimized] target(s) in 3m 36s
Running wasm-bindgen for simd...
Exporting our TS-RS bindings into wasm-bindgen definitions...
   Compiling libm v0.2.16
   Compiling cfg-if v1.0.4
   Compiling num-traits v0.2.19
   Compiling zerocopy v0.8.47
   Compiling libc v0.2.183
   Compiling bitflags v2.11.0
   Compiling getrandom v0.3.4
   Compiling ahash v0.8.12
   Compiling arrow-schema v57.3.0
   Compiling bytes v1.11.1
   Compiling num-integer v0.1.46
   Compiling num-bigint v0.4.6
   Compiling hashbrown v0.16.1
   Compiling once_cell v1.21.4
   Compiling iana-time-zone v0.1.65
   Compiling chrono v0.4.44
   Compiling half v2.7.1
   Compiling crossbeam-utils v0.8.21
   Compiling num-complex v0.4.6
   Compiling arrow-buffer v57.3.0
   Compiling arrow-data v57.3.0
   Compiling memchr v2.8.0
   Compiling arrow-array v57.3.0
   Compiling byteorder v1.5.0
   Compiling crossbeam-epoch v0.9.18
   Compiling serde_core v1.0.228
   Compiling either v1.15.0
   Compiling rayon-core v1.13.0
   Compiling crossbeam-deque v0.8.6
   Compiling heapless v0.8.0
   Compiling hash32 v0.3.1
   Compiling lexical-util v1.0.7
   Compiling stable_deref_trait v1.2.1
   Compiling smallvec v1.15.1
   Compiling rayon v1.11.0
   Compiling rstar v0.12.2
   Compiling arrow-select v57.3.0
   Compiling approx v0.5.1
   Compiling itoa v1.0.18
   Compiling zmij v1.0.21
   Compiling lexical-parse-integer v1.0.6
   Compiling lexical-write-integer v1.0.6
   Compiling thiserror v1.0.69
   Compiling serde_json v1.0.149
   Compiling lexical-write-float v1.0.6
   Compiling lexical-parse-float v1.0.6
   Compiling ryu v1.0.23
   Compiling geo-types v0.7.18
   Compiling equivalent v1.0.2
   Compiling target-features v0.1.6
   Compiling serde v1.0.228
   Compiling geo-traits v0.3.0
   Compiling arrow-ord v57.3.0
   Compiling lexical-core v1.0.6
   Compiling zstd-sys v2.0.16+zstd.1.5.7
   Compiling aho-corasick v1.1.4
   Compiling atoi v2.0.0
   Compiling base64 v0.22.1
   Compiling regex-syntax v0.8.10
   Compiling regex-automata v0.4.14
   Compiling arrow-cast v57.3.0
   Compiling flatbuffers v25.12.19
   Compiling getrandom v0.2.17
   Compiling log v0.4.29
   Compiling alloc-no-stdlib v2.0.4
   Compiling alloc-stdlib v0.2.2
   Compiling rand_core v0.6.4
   Compiling num_enum v0.7.6
   Compiling zstd-safe v7.2.4
   Compiling regex v1.12.3
   Compiling csv-core v0.1.13
   Compiling ppv-lite86 v0.2.21
   Compiling i_float v1.15.0
   Compiling foldhash v0.1.5
   Compiling simdutf8 v0.1.5
   Compiling allocator-api2 v0.2.21
   Compiling thiserror v2.0.18
   Compiling i_shape v1.14.0
   Compiling hashbrown v0.15.5
   Compiling snap v1.1.1
   Compiling rand_chacha v0.3.1
   Compiling csv v1.4.0
   Compiling arrow-ipc v57.3.0
   Compiling wkb v0.9.2
   Compiling brotli-decompressor v5.0.0
   Compiling wkt v0.14.0
   Compiling geoarrow-schema v0.7.0
   Compiling indexmap v2.13.0
   Compiling itertools v0.11.0
   Compiling ordered-float v2.10.1
   Compiling twox-hash v2.1.2
   Compiling integer-encoding v3.0.4
   Compiling zlib-rs v0.6.3
   Compiling bytemuck v1.25.0
   Compiling i_key_sort v0.6.0
   Compiling i_tree v0.16.0
   Compiling robust v1.2.0
   Compiling spade v2.15.0
   Compiling flate2 v1.1.9
   Compiling i_overlay v4.0.7
   Compiling safe_arch v0.7.4
   Compiling thrift v0.17.0
   Compiling lz4_flex v0.12.1
   Compiling earcutr v0.4.3
   Compiling arrow-json v57.3.0
   Compiling geoarrow-array v0.7.0
   Compiling brotli v8.0.2
   Compiling zstd v0.13.3
   Compiling arrow-csv v57.3.0
   Compiling multiversion-macros v0.8.0
   Compiling rand v0.8.5
   Compiling arrow-string v57.3.0
   Compiling arrow-arith v57.3.0
   Compiling arrow-row v57.3.0
   Compiling geographiclib-rs v0.2.7
   Compiling humantime v2.3.0
   Compiling sif-itree v0.4.1
   Compiling float_next_after v1.0.0
   Compiling geo v0.32.0
   Compiling parquet v57.3.0
   Compiling humantime-serde v1.1.1
   Compiling arrow v57.3.0
   Compiling multiversion v0.8.0
   Compiling geoarrow v0.7.0
   Compiling ts-rs v12.0.1
   Compiling wide v0.7.33
   Compiling static_aabb2d_index v2.0.0
   Compiling geo-polygonize-core v0.32.0 (/app/crates/geo-polygonize-core)
    Finished `release` profile [optimized] target(s) in 4m 42s
     Running `target/release/export_bindings`
npm warn deprecated inflight@1.0.6: This module is not supported, and leaks memory. Do not use it. Check out lru-cache if you want a good and tested way to coalesce async requests by a key value, which is much more comprehensive and powerful.
npm warn deprecated git-raw-commits@4.0.0: This package is no longer maintained. For the JavaScript API, please use @conventional-changelog/git-client instead.
npm warn deprecated glob@8.1.0: Glob versions prior to v9 are no longer supported

> geo-polygonize@0.32.0 prepare
> husky


added 276 packages, and audited 277 packages in 9s

73 packages are looking for funding
  run `npm fund` for details

7 vulnerabilities (4 moderate, 3 high)

To address issues that do not require attention, run:
  npm audit fix

To address all issues (including breaking changes), run:
  npm audit fix --force

Run `npm audit` for details.
Running rollup...
[36m
[1mpkg-wrapper/index.ts[22m → [1mdist/standard/es[22m...[39m
[32mcreated [1mdist/standard/es[22m in [1m1.8s[22m[39m
[36m
[1mpkg-wrapper/index.ts[22m → [1mdist/standard/cjs[22m...[39m
[32mcreated [1mdist/standard/cjs[22m in [1m1.2s[22m[39m
[36m
[1mpkg-wrapper/index_slim.ts[22m → [1mdist/slim/es[22m...[39m
[32mcreated [1mdist/slim/es[22m in [1m986ms[22m[39m
[36m
[1mpkg-wrapper/index_slim.ts[22m → [1mdist/slim/cjs[22m...[39m
[32mcreated [1mdist/slim/cjs[22m in [1m996ms[22m[39m
[36m
[1mpkg-wrapper/index_threads.ts[22m → [1mdist/threads/es[22m...[39m
[32mcreated [1mdist/threads/es[22m in [1m968ms[22m[39m
Preparing dist...
Site Wasm build complete! Artifacts are in dist/
npm notice
npm notice New minor version of npm available! 11.11.0 -> 11.12.1
npm notice Changelog: https://github.com/npm/cli/releases/tag/v11.12.1
npm notice To update run: npm install -g npm@11.12.1
npm notice
